Archive member included to satisfy reference by file (symbol)

c:/st/stm32cubeide_1.1.0/stm32cubeide/plugins/com.st.stm32cube.ide.mcu.externaltools.gnu-tools-for-stm32.7-2018-q2-update.win32_1.0.0.201904181610/tools/bin/../lib/gcc/arm-none-eabi/7.3.1/../../../../arm-none-eabi/lib/thumb/v7e-m\libc_nano.a(lib_a-errno.o)
                              Src/syscalls.o (__errno)
c:/st/stm32cubeide_1.1.0/stm32cubeide/plugins/com.st.stm32cube.ide.mcu.externaltools.gnu-tools-for-stm32.7-2018-q2-update.win32_1.0.0.201904181610/tools/bin/../lib/gcc/arm-none-eabi/7.3.1/../../../../arm-none-eabi/lib/thumb/v7e-m\libc_nano.a(lib_a-exit.o)
                              c:/st/stm32cubeide_1.1.0/stm32cubeide/plugins/com.st.stm32cube.ide.mcu.externaltools.gnu-tools-for-stm32.7-2018-q2-update.win32_1.0.0.201904181610/tools/bin/../lib/gcc/arm-none-eabi/7.3.1/../../../../arm-none-eabi/lib/thumb/v7e-m/crt0.o (exit)
c:/st/stm32cubeide_1.1.0/stm32cubeide/plugins/com.st.stm32cube.ide.mcu.externaltools.gnu-tools-for-stm32.7-2018-q2-update.win32_1.0.0.201904181610/tools/bin/../lib/gcc/arm-none-eabi/7.3.1/../../../../arm-none-eabi/lib/thumb/v7e-m\libc_nano.a(lib_a-impure.o)
                              c:/st/stm32cubeide_1.1.0/stm32cubeide/plugins/com.st.stm32cube.ide.mcu.externaltools.gnu-tools-for-stm32.7-2018-q2-update.win32_1.0.0.201904181610/tools/bin/../lib/gcc/arm-none-eabi/7.3.1/../../../../arm-none-eabi/lib/thumb/v7e-m\libc_nano.a(lib_a-exit.o) (_global_impure_ptr)
c:/st/stm32cubeide_1.1.0/stm32cubeide/plugins/com.st.stm32cube.ide.mcu.externaltools.gnu-tools-for-stm32.7-2018-q2-update.win32_1.0.0.201904181610/tools/bin/../lib/gcc/arm-none-eabi/7.3.1/../../../../arm-none-eabi/lib/thumb/v7e-m\libc_nano.a(lib_a-init.o)
                              c:/st/stm32cubeide_1.1.0/stm32cubeide/plugins/com.st.stm32cube.ide.mcu.externaltools.gnu-tools-for-stm32.7-2018-q2-update.win32_1.0.0.201904181610/tools/bin/../lib/gcc/arm-none-eabi/7.3.1/../../../../arm-none-eabi/lib/thumb/v7e-m/crt0.o (__libc_init_array)
c:/st/stm32cubeide_1.1.0/stm32cubeide/plugins/com.st.stm32cube.ide.mcu.externaltools.gnu-tools-for-stm32.7-2018-q2-update.win32_1.0.0.201904181610/tools/bin/../lib/gcc/arm-none-eabi/7.3.1/../../../../arm-none-eabi/lib/thumb/v7e-m\libc_nano.a(lib_a-memset.o)
                              c:/st/stm32cubeide_1.1.0/stm32cubeide/plugins/com.st.stm32cube.ide.mcu.externaltools.gnu-tools-for-stm32.7-2018-q2-update.win32_1.0.0.201904181610/tools/bin/../lib/gcc/arm-none-eabi/7.3.1/../../../../arm-none-eabi/lib/thumb/v7e-m/crt0.o (memset)
c:/st/stm32cubeide_1.1.0/stm32cubeide/plugins/com.st.stm32cube.ide.mcu.externaltools.gnu-tools-for-stm32.7-2018-q2-update.win32_1.0.0.201904181610/tools/bin/../lib/gcc/arm-none-eabi/7.3.1/../../../../arm-none-eabi/lib/thumb/v7e-m\libc_nano.a(lib_a-strlen.o)
                              Src/main.o (strlen)

Allocating common symbols
Common symbol       size              file

UARTHandle          0x24              Src/main.o
RxCmlt              0x1               Src/main.o
Btn_Ctrl            0x1               Src/main.o
RxBuf               0x400             Src/main.o

Discarded input sections

 .text          0x0000000000000000        0x0 c:/st/stm32cubeide_1.1.0/stm32cubeide/plugins/com.st.stm32cube.ide.mcu.externaltools.gnu-tools-for-stm32.7-2018-q2-update.win32_1.0.0.201904181610/tools/bin/../lib/gcc/arm-none-eabi/7.3.1/thumb/v7e-m/crti.o
 .data          0x0000000000000000        0x0 c:/st/stm32cubeide_1.1.0/stm32cubeide/plugins/com.st.stm32cube.ide.mcu.externaltools.gnu-tools-for-stm32.7-2018-q2-update.win32_1.0.0.201904181610/tools/bin/../lib/gcc/arm-none-eabi/7.3.1/thumb/v7e-m/crti.o
 .bss           0x0000000000000000        0x0 c:/st/stm32cubeide_1.1.0/stm32cubeide/plugins/com.st.stm32cube.ide.mcu.externaltools.gnu-tools-for-stm32.7-2018-q2-update.win32_1.0.0.201904181610/tools/bin/../lib/gcc/arm-none-eabi/7.3.1/thumb/v7e-m/crti.o
 .data          0x0000000000000000        0x4 c:/st/stm32cubeide_1.1.0/stm32cubeide/plugins/com.st.stm32cube.ide.mcu.externaltools.gnu-tools-for-stm32.7-2018-q2-update.win32_1.0.0.201904181610/tools/bin/../lib/gcc/arm-none-eabi/7.3.1/thumb/v7e-m/crtbegin.o
 .text          0x0000000000000000       0x74 c:/st/stm32cubeide_1.1.0/stm32cubeide/plugins/com.st.stm32cube.ide.mcu.externaltools.gnu-tools-for-stm32.7-2018-q2-update.win32_1.0.0.201904181610/tools/bin/../lib/gcc/arm-none-eabi/7.3.1/../../../../arm-none-eabi/lib/thumb/v7e-m/crt0.o
 .data          0x0000000000000000        0x0 c:/st/stm32cubeide_1.1.0/stm32cubeide/plugins/com.st.stm32cube.ide.mcu.externaltools.gnu-tools-for-stm32.7-2018-q2-update.win32_1.0.0.201904181610/tools/bin/../lib/gcc/arm-none-eabi/7.3.1/../../../../arm-none-eabi/lib/thumb/v7e-m/crt0.o
 .bss           0x0000000000000000        0x0 c:/st/stm32cubeide_1.1.0/stm32cubeide/plugins/com.st.stm32cube.ide.mcu.externaltools.gnu-tools-for-stm32.7-2018-q2-update.win32_1.0.0.201904181610/tools/bin/../lib/gcc/arm-none-eabi/7.3.1/../../../../arm-none-eabi/lib/thumb/v7e-m/crt0.o
 .ARM.extab     0x0000000000000000        0x0 c:/st/stm32cubeide_1.1.0/stm32cubeide/plugins/com.st.stm32cube.ide.mcu.externaltools.gnu-tools-for-stm32.7-2018-q2-update.win32_1.0.0.201904181610/tools/bin/../lib/gcc/arm-none-eabi/7.3.1/../../../../arm-none-eabi/lib/thumb/v7e-m/crt0.o
 .ARM.exidx     0x0000000000000000        0x8 c:/st/stm32cubeide_1.1.0/stm32cubeide/plugins/com.st.stm32cube.ide.mcu.externaltools.gnu-tools-for-stm32.7-2018-q2-update.win32_1.0.0.201904181610/tools/bin/../lib/gcc/arm-none-eabi/7.3.1/../../../../arm-none-eabi/lib/thumb/v7e-m/crt0.o
 .ARM.attributes
                0x0000000000000000       0x1c c:/st/stm32cubeide_1.1.0/stm32cubeide/plugins/com.st.stm32cube.ide.mcu.externaltools.gnu-tools-for-stm32.7-2018-q2-update.win32_1.0.0.201904181610/tools/bin/../lib/gcc/arm-none-eabi/7.3.1/../../../../arm-none-eabi/lib/thumb/v7e-m/crt0.o
 .group         0x0000000000000000        0xc Driver/Src/stm32f407xx_gpio_driver.o
 .group         0x0000000000000000        0xc Driver/Src/stm32f407xx_gpio_driver.o
 .group         0x0000000000000000        0xc Driver/Src/stm32f407xx_gpio_driver.o
 .group         0x0000000000000000        0xc Driver/Src/stm32f407xx_gpio_driver.o
 .group         0x0000000000000000        0xc Driver/Src/stm32f407xx_gpio_driver.o
 .group         0x0000000000000000        0xc Driver/Src/stm32f407xx_gpio_driver.o
 .group         0x0000000000000000        0xc Driver/Src/stm32f407xx_gpio_driver.o
 .group         0x0000000000000000        0xc Driver/Src/stm32f407xx_gpio_driver.o
 .group         0x0000000000000000        0xc Driver/Src/stm32f407xx_gpio_driver.o
 .group         0x0000000000000000        0xc Driver/Src/stm32f407xx_gpio_driver.o
 .group         0x0000000000000000        0xc Driver/Src/stm32f407xx_gpio_driver.o
 .group         0x0000000000000000        0xc Driver/Src/stm32f407xx_gpio_driver.o
 .group         0x0000000000000000        0xc Driver/Src/stm32f407xx_gpio_driver.o
 .group         0x0000000000000000        0xc Driver/Src/stm32f407xx_gpio_driver.o
 .group         0x0000000000000000        0xc Driver/Src/stm32f407xx_gpio_driver.o
 .group         0x0000000000000000        0xc Driver/Src/stm32f407xx_gpio_driver.o
 .group         0x0000000000000000        0xc Driver/Src/stm32f407xx_gpio_driver.o
 .group         0x0000000000000000        0xc Driver/Src/stm32f407xx_gpio_driver.o
 .group         0x0000000000000000        0xc Driver/Src/stm32f407xx_gpio_driver.o
 .group         0x0000000000000000        0xc Driver/Src/stm32f407xx_gpio_driver.o
 .group         0x0000000000000000        0xc Driver/Src/stm32f407xx_gpio_driver.o
 .group         0x0000000000000000        0xc Driver/Src/stm32f407xx_gpio_driver.o
 .group         0x0000000000000000        0xc Driver/Src/stm32f407xx_gpio_driver.o
 .group         0x0000000000000000        0xc Driver/Src/stm32f407xx_gpio_driver.o
 .text          0x0000000000000000        0x0 Driver/Src/stm32f407xx_gpio_driver.o
 .data          0x0000000000000000        0x0 Driver/Src/stm32f407xx_gpio_driver.o
 .bss           0x0000000000000000        0x0 Driver/Src/stm32f407xx_gpio_driver.o
 .text.GPIO_DeInit
                0x0000000000000000      0x16c Driver/Src/stm32f407xx_gpio_driver.o
 .text.GPIO_Read_Pin
                0x0000000000000000       0x2a Driver/Src/stm32f407xx_gpio_driver.o
 .text.GPIO_Read_Port
                0x0000000000000000       0x1a Driver/Src/stm32f407xx_gpio_driver.o
 .text.GPIO_Write_Pin
                0x0000000000000000       0x48 Driver/Src/stm32f407xx_gpio_driver.o
 .text.GPIO_Write_Port
                0x0000000000000000       0x1c Driver/Src/stm32f407xx_gpio_driver.o
 .text.GPIO_Toggle_Pin
                0x0000000000000000       0x28 Driver/Src/stm32f407xx_gpio_driver.o
 .text.GPIO_IRQPriorityConfig
                0x0000000000000000       0x46 Driver/Src/stm32f407xx_gpio_driver.o
 .group         0x0000000000000000        0xc Driver/Src/stm32f407xx_rcc_driver.o
 .group         0x0000000000000000        0xc Driver/Src/stm32f407xx_rcc_driver.o
 .group         0x0000000000000000        0xc Driver/Src/stm32f407xx_rcc_driver.o
 .group         0x0000000000000000        0xc Driver/Src/stm32f407xx_rcc_driver.o
 .group         0x0000000000000000        0xc Driver/Src/stm32f407xx_rcc_driver.o
 .group         0x0000000000000000        0xc Driver/Src/stm32f407xx_rcc_driver.o
 .group         0x0000000000000000        0xc Driver/Src/stm32f407xx_rcc_driver.o
 .group         0x0000000000000000        0xc Driver/Src/stm32f407xx_rcc_driver.o
 .group         0x0000000000000000        0xc Driver/Src/stm32f407xx_rcc_driver.o
 .group         0x0000000000000000        0xc Driver/Src/stm32f407xx_rcc_driver.o
 .group         0x0000000000000000        0xc Driver/Src/stm32f407xx_rcc_driver.o
 .group         0x0000000000000000        0xc Driver/Src/stm32f407xx_rcc_driver.o
 .group         0x0000000000000000        0xc Driver/Src/stm32f407xx_rcc_driver.o
 .group         0x0000000000000000        0xc Driver/Src/stm32f407xx_rcc_driver.o
 .group         0x0000000000000000        0xc Driver/Src/stm32f407xx_rcc_driver.o
 .group         0x0000000000000000        0xc Driver/Src/stm32f407xx_rcc_driver.o
 .group         0x0000000000000000        0xc Driver/Src/stm32f407xx_rcc_driver.o
 .group         0x0000000000000000        0xc Driver/Src/stm32f407xx_rcc_driver.o
 .group         0x0000000000000000        0xc Driver/Src/stm32f407xx_rcc_driver.o
 .group         0x0000000000000000        0xc Driver/Src/stm32f407xx_rcc_driver.o
 .group         0x0000000000000000        0xc Driver/Src/stm32f407xx_rcc_driver.o
 .group         0x0000000000000000        0xc Driver/Src/stm32f407xx_rcc_driver.o
 .group         0x0000000000000000        0xc Driver/Src/stm32f407xx_rcc_driver.o
 .group         0x0000000000000000        0xc Driver/Src/stm32f407xx_rcc_driver.o
 .text          0x0000000000000000        0x0 Driver/Src/stm32f407xx_rcc_driver.o
 .data          0x0000000000000000        0x0 Driver/Src/stm32f407xx_rcc_driver.o
 .bss           0x0000000000000000        0x0 Driver/Src/stm32f407xx_rcc_driver.o
 .debug_macro   0x0000000000000000      0xa66 Driver/Src/stm32f407xx_rcc_driver.o
 .debug_macro   0x0000000000000000       0x22 Driver/Src/stm32f407xx_rcc_driver.o
 .debug_macro   0x0000000000000000       0x8e Driver/Src/stm32f407xx_rcc_driver.o
 .debug_macro   0x0000000000000000       0x51 Driver/Src/stm32f407xx_rcc_driver.o
 .debug_macro   0x0000000000000000       0xef Driver/Src/stm32f407xx_rcc_driver.o
 .debug_macro   0x0000000000000000       0x6a Driver/Src/stm32f407xx_rcc_driver.o
 .debug_macro   0x0000000000000000      0x1df Driver/Src/stm32f407xx_rcc_driver.o
 .debug_macro   0x0000000000000000      0x174 Driver/Src/stm32f407xx_rcc_driver.o
 .debug_macro   0x0000000000000000       0x46 Driver/Src/stm32f407xx_rcc_driver.o
 .debug_macro   0x0000000000000000       0x18 Driver/Src/stm32f407xx_rcc_driver.o
 .debug_macro   0x0000000000000000       0x3c Driver/Src/stm32f407xx_rcc_driver.o
 .debug_macro   0x0000000000000000       0x34 Driver/Src/stm32f407xx_rcc_driver.o
 .debug_macro   0x0000000000000000       0x52 Driver/Src/stm32f407xx_rcc_driver.o
 .debug_macro   0x0000000000000000       0x1f Driver/Src/stm32f407xx_rcc_driver.o
 .debug_macro   0x0000000000000000       0x43 Driver/Src/stm32f407xx_rcc_driver.o
 .debug_macro   0x0000000000000000       0x20 Driver/Src/stm32f407xx_rcc_driver.o
 .debug_macro   0x0000000000000000      0x1a3 Driver/Src/stm32f407xx_rcc_driver.o
 .debug_macro   0x0000000000000000      0x330 Driver/Src/stm32f407xx_rcc_driver.o
 .debug_macro   0x0000000000000000       0x10 Driver/Src/stm32f407xx_rcc_driver.o
 .debug_macro   0x0000000000000000       0x35 Driver/Src/stm32f407xx_rcc_driver.o
 .debug_macro   0x0000000000000000       0x20 Driver/Src/stm32f407xx_rcc_driver.o
 .debug_macro   0x0000000000000000      0x84f Driver/Src/stm32f407xx_rcc_driver.o
 .debug_macro   0x0000000000000000       0xc4 Driver/Src/stm32f407xx_rcc_driver.o
 .group         0x0000000000000000        0xc Driver/Src/stm32f407xx_uart_driver.o
 .group         0x0000000000000000        0xc Driver/Src/stm32f407xx_uart_driver.o
 .group         0x0000000000000000        0xc Driver/Src/stm32f407xx_uart_driver.o
 .group         0x0000000000000000        0xc Driver/Src/stm32f407xx_uart_driver.o
 .group         0x0000000000000000        0xc Driver/Src/stm32f407xx_uart_driver.o
 .group         0x0000000000000000        0xc Driver/Src/stm32f407xx_uart_driver.o
 .group         0x0000000000000000        0xc Driver/Src/stm32f407xx_uart_driver.o
 .group         0x0000000000000000        0xc Driver/Src/stm32f407xx_uart_driver.o
 .group         0x0000000000000000        0xc Driver/Src/stm32f407xx_uart_driver.o
 .group         0x0000000000000000        0xc Driver/Src/stm32f407xx_uart_driver.o
 .group         0x0000000000000000        0xc Driver/Src/stm32f407xx_uart_driver.o
 .group         0x0000000000000000        0xc Driver/Src/stm32f407xx_uart_driver.o
 .group         0x0000000000000000        0xc Driver/Src/stm32f407xx_uart_driver.o
 .group         0x0000000000000000        0xc Driver/Src/stm32f407xx_uart_driver.o
 .group         0x0000000000000000        0xc Driver/Src/stm32f407xx_uart_driver.o
 .group         0x0000000000000000        0xc Driver/Src/stm32f407xx_uart_driver.o
 .group         0x0000000000000000        0xc Driver/Src/stm32f407xx_uart_driver.o
 .group         0x0000000000000000        0xc Driver/Src/stm32f407xx_uart_driver.o
 .group         0x0000000000000000        0xc Driver/Src/stm32f407xx_uart_driver.o
 .group         0x0000000000000000        0xc Driver/Src/stm32f407xx_uart_driver.o
 .group         0x0000000000000000        0xc Driver/Src/stm32f407xx_uart_driver.o
 .group         0x0000000000000000        0xc Driver/Src/stm32f407xx_uart_driver.o
 .group         0x0000000000000000        0xc Driver/Src/stm32f407xx_uart_driver.o
 .group         0x0000000000000000        0xc Driver/Src/stm32f407xx_uart_driver.o
 .text          0x0000000000000000        0x0 Driver/Src/stm32f407xx_uart_driver.o
 .data          0x0000000000000000        0x0 Driver/Src/stm32f407xx_uart_driver.o
 .bss           0x0000000000000000        0x0 Driver/Src/stm32f407xx_uart_driver.o
 .text.UART_DeInit
                0x0000000000000000       0xe8 Driver/Src/stm32f407xx_uart_driver.o
 .text.USART_SendDataIT
                0x0000000000000000       0x5a Driver/Src/stm32f407xx_uart_driver.o
 .text.USART_ReceiveData
                0x0000000000000000       0xac Driver/Src/stm32f407xx_uart_driver.o
 .text.UART_IRQPriorityConfig
                0x0000000000000000       0x46 Driver/Src/stm32f407xx_uart_driver.o
 .text.UART_ClearFlag
                0x0000000000000000       0x28 Driver/Src/stm32f407xx_uart_driver.o
 .debug_macro   0x0000000000000000      0xa66 Driver/Src/stm32f407xx_uart_driver.o
 .debug_macro   0x0000000000000000       0x22 Driver/Src/stm32f407xx_uart_driver.o
 .debug_macro   0x0000000000000000       0x8e Driver/Src/stm32f407xx_uart_driver.o
 .debug_macro   0x0000000000000000       0x51 Driver/Src/stm32f407xx_uart_driver.o
 .debug_macro   0x0000000000000000       0xef Driver/Src/stm32f407xx_uart_driver.o
 .debug_macro   0x0000000000000000       0x6a Driver/Src/stm32f407xx_uart_driver.o
 .debug_macro   0x0000000000000000      0x1df Driver/Src/stm32f407xx_uart_driver.o
 .debug_macro   0x0000000000000000      0x174 Driver/Src/stm32f407xx_uart_driver.o
 .debug_macro   0x0000000000000000       0x46 Driver/Src/stm32f407xx_uart_driver.o
 .debug_macro   0x0000000000000000       0x18 Driver/Src/stm32f407xx_uart_driver.o
 .debug_macro   0x0000000000000000       0x3c Driver/Src/stm32f407xx_uart_driver.o
 .debug_macro   0x0000000000000000       0x34 Driver/Src/stm32f407xx_uart_driver.o
 .debug_macro   0x0000000000000000       0x52 Driver/Src/stm32f407xx_uart_driver.o
 .debug_macro   0x0000000000000000       0x1f Driver/Src/stm32f407xx_uart_driver.o
 .debug_macro   0x0000000000000000       0x43 Driver/Src/stm32f407xx_uart_driver.o
 .debug_macro   0x0000000000000000       0x20 Driver/Src/stm32f407xx_uart_driver.o
 .debug_macro   0x0000000000000000      0x1a3 Driver/Src/stm32f407xx_uart_driver.o
 .debug_macro   0x0000000000000000      0x330 Driver/Src/stm32f407xx_uart_driver.o
 .debug_macro   0x0000000000000000       0x10 Driver/Src/stm32f407xx_uart_driver.o
 .debug_macro   0x0000000000000000       0x35 Driver/Src/stm32f407xx_uart_driver.o
 .debug_macro   0x0000000000000000       0x20 Driver/Src/stm32f407xx_uart_driver.o
 .debug_macro   0x0000000000000000      0x84f Driver/Src/stm32f407xx_uart_driver.o
 .debug_macro   0x0000000000000000       0xc4 Driver/Src/stm32f407xx_uart_driver.o
 .debug_macro   0x0000000000000000      0x100 Driver/Src/stm32f407xx_uart_driver.o
 .group         0x0000000000000000        0xc Src/main.o
 .group         0x0000000000000000        0xc Src/main.o
 .group         0x0000000000000000        0xc Src/main.o
 .group         0x0000000000000000        0xc Src/main.o
 .group         0x0000000000000000        0xc Src/main.o
 .group         0x0000000000000000        0xc Src/main.o
 .group         0x0000000000000000        0xc Src/main.o
 .group         0x0000000000000000        0xc Src/main.o
 .group         0x0000000000000000        0xc Src/main.o
 .group         0x0000000000000000        0xc Src/main.o
 .group         0x0000000000000000        0xc Src/main.o
 .group         0x0000000000000000        0xc Src/main.o
 .group         0x0000000000000000        0xc Src/main.o
 .group         0x0000000000000000        0xc Src/main.o
 .group         0x0000000000000000        0xc Src/main.o
 .group         0x0000000000000000        0xc Src/main.o
 .group         0x0000000000000000        0xc Src/main.o
 .group         0x0000000000000000        0xc Src/main.o
 .group         0x0000000000000000        0xc Src/main.o
 .group         0x0000000000000000        0xc Src/main.o
 .group         0x0000000000000000        0xc Src/main.o
 .group         0x0000000000000000        0xc Src/main.o
 .group         0x0000000000000000        0xc Src/main.o
 .group         0x0000000000000000        0xc Src/main.o
 .text          0x0000000000000000        0x0 Src/main.o
 .data          0x0000000000000000        0x0 Src/main.o
 .bss           0x0000000000000000        0x0 Src/main.o
 .debug_macro   0x0000000000000000      0xa66 Src/main.o
 .debug_macro   0x0000000000000000       0x22 Src/main.o
 .debug_macro   0x0000000000000000       0x8e Src/main.o
 .debug_macro   0x0000000000000000       0x51 Src/main.o
 .debug_macro   0x0000000000000000       0xef Src/main.o
 .debug_macro   0x0000000000000000       0x6a Src/main.o
 .debug_macro   0x0000000000000000      0x1df Src/main.o
 .debug_macro   0x0000000000000000      0x174 Src/main.o
 .debug_macro   0x0000000000000000       0x46 Src/main.o
 .debug_macro   0x0000000000000000       0x18 Src/main.o
 .debug_macro   0x0000000000000000       0x3c Src/main.o
 .debug_macro   0x0000000000000000       0x34 Src/main.o
 .debug_macro   0x0000000000000000       0x52 Src/main.o
 .debug_macro   0x0000000000000000       0x1f Src/main.o
 .debug_macro   0x0000000000000000       0x43 Src/main.o
 .debug_macro   0x0000000000000000       0x20 Src/main.o
 .debug_macro   0x0000000000000000      0x1a3 Src/main.o
 .debug_macro   0x0000000000000000      0x330 Src/main.o
 .debug_macro   0x0000000000000000       0x10 Src/main.o
 .debug_macro   0x0000000000000000       0x35 Src/main.o
 .debug_macro   0x0000000000000000       0x20 Src/main.o
 .debug_macro   0x0000000000000000      0x84f Src/main.o
 .debug_macro   0x0000000000000000       0xc4 Src/main.o
 .debug_macro   0x0000000000000000      0x106 Src/main.o
 .group         0x0000000000000000        0xc Src/syscalls.o
 .group         0x0000000000000000        0xc Src/syscalls.o
 .group         0x0000000000000000        0xc Src/syscalls.o
 .group         0x0000000000000000        0xc Src/syscalls.o
 .group         0x0000000000000000        0xc Src/syscalls.o
 .group         0x0000000000000000        0xc Src/syscalls.o
 .group         0x0000000000000000        0xc Src/syscalls.o
 .group         0x0000000000000000        0xc Src/syscalls.o
 .group         0x0000000000000000        0xc Src/syscalls.o
 .group         0x0000000000000000        0xc Src/syscalls.o
 .group         0x0000000000000000        0xc Src/syscalls.o
 .group         0x0000000000000000        0xc Src/syscalls.o
 .group         0x0000000000000000        0xc Src/syscalls.o
 .group         0x0000000000000000        0xc Src/syscalls.o
 .group         0x0000000000000000        0xc Src/syscalls.o
 .group         0x0000000000000000        0xc Src/syscalls.o
 .group         0x0000000000000000        0xc Src/syscalls.o
 .group         0x0000000000000000        0xc Src/syscalls.o
 .group         0x0000000000000000        0xc Src/syscalls.o
 .group         0x0000000000000000        0xc Src/syscalls.o
 .group         0x0000000000000000        0xc Src/syscalls.o
 .group         0x0000000000000000        0xc Src/syscalls.o
 .group         0x0000000000000000        0xc Src/syscalls.o
 .group         0x0000000000000000        0xc Src/syscalls.o
 .group         0x0000000000000000        0xc Src/syscalls.o
 .group         0x0000000000000000        0xc Src/syscalls.o
 .group         0x0000000000000000        0xc Src/syscalls.o
 .group         0x0000000000000000        0xc Src/syscalls.o
 .group         0x0000000000000000        0xc Src/syscalls.o
 .group         0x0000000000000000        0xc Src/syscalls.o
 .group         0x0000000000000000        0xc Src/syscalls.o
 .group         0x0000000000000000        0xc Src/syscalls.o
 .group         0x0000000000000000        0xc Src/syscalls.o
 .group         0x0000000000000000        0xc Src/syscalls.o
 .group         0x0000000000000000        0xc Src/syscalls.o
 .group         0x0000000000000000        0xc Src/syscalls.o
 .group         0x0000000000000000        0xc Src/syscalls.o
 .group         0x0000000000000000        0xc Src/syscalls.o
 .group         0x0000000000000000        0xc Src/syscalls.o
 .group         0x0000000000000000        0xc Src/syscalls.o
 .group         0x0000000000000000        0xc Src/syscalls.o
 .group         0x0000000000000000        0xc Src/syscalls.o
 .group         0x0000000000000000        0xc Src/syscalls.o
 .group         0x0000000000000000        0xc Src/syscalls.o
 .text          0x0000000000000000        0x0 Src/syscalls.o
 .data          0x0000000000000000        0x0 Src/syscalls.o
 .bss           0x0000000000000000        0x0 Src/syscalls.o
 .bss.__env     0x0000000000000000        0x4 Src/syscalls.o
 .data.environ  0x0000000000000000        0x4 Src/syscalls.o
 .text.initialise_monitor_handles
                0x0000000000000000        0xc Src/syscalls.o
 .text._getpid  0x0000000000000000        0xe Src/syscalls.o
 .text._kill    0x0000000000000000       0x20 Src/syscalls.o
 .text._exit    0x0000000000000000       0x14 Src/syscalls.o
 .text._read    0x0000000000000000       0x3a Src/syscalls.o
 .text._write   0x0000000000000000       0x38 Src/syscalls.o
 .text._close   0x0000000000000000       0x16 Src/syscalls.o
 .text._fstat   0x0000000000000000       0x1e Src/syscalls.o
 .text._isatty  0x0000000000000000       0x14 Src/syscalls.o
 .text._lseek   0x0000000000000000       0x18 Src/syscalls.o
 .text._open    0x0000000000000000       0x1a Src/syscalls.o
 .text._wait    0x0000000000000000       0x1e Src/syscalls.o
 .text._unlink  0x0000000000000000       0x1e Src/syscalls.o
 .text._times   0x0000000000000000       0x16 Src/syscalls.o
 .text._stat    0x0000000000000000       0x1e Src/syscalls.o
 .text._link    0x0000000000000000       0x20 Src/syscalls.o
 .text._fork    0x0000000000000000       0x16 Src/syscalls.o
 .text._execve  0x0000000000000000       0x22 Src/syscalls.o
 .debug_info    0x0000000000000000      0xebd Src/syscalls.o
 .debug_abbrev  0x0000000000000000      0x261 Src/syscalls.o
 .debug_aranges
                0x0000000000000000       0xa8 Src/syscalls.o
 .debug_ranges  0x0000000000000000       0x98 Src/syscalls.o
 .debug_macro   0x0000000000000000      0x243 Src/syscalls.o
 .debug_macro   0x0000000000000000      0xa66 Src/syscalls.o
 .debug_macro   0x0000000000000000       0x22 Src/syscalls.o
 .debug_macro   0x0000000000000000       0x40 Src/syscalls.o
 .debug_macro   0x0000000000000000       0x18 Src/syscalls.o
 .debug_macro   0x0000000000000000       0x94 Src/syscalls.o
 .debug_macro   0x0000000000000000       0x3c Src/syscalls.o
 .debug_macro   0x0000000000000000       0x34 Src/syscalls.o
 .debug_macro   0x0000000000000000       0x57 Src/syscalls.o
 .debug_macro   0x0000000000000000      0x174 Src/syscalls.o
 .debug_macro   0x0000000000000000      0x330 Src/syscalls.o
 .debug_macro   0x0000000000000000       0x52 Src/syscalls.o
 .debug_macro   0x0000000000000000       0x1f Src/syscalls.o
 .debug_macro   0x0000000000000000       0x43 Src/syscalls.o
 .debug_macro   0x0000000000000000       0x20 Src/syscalls.o
 .debug_macro   0x0000000000000000      0x1a3 Src/syscalls.o
 .debug_macro   0x0000000000000000       0x10 Src/syscalls.o
 .debug_macro   0x0000000000000000       0x35 Src/syscalls.o
 .debug_macro   0x0000000000000000       0x10 Src/syscalls.o
 .debug_macro   0x0000000000000000       0x10 Src/syscalls.o
 .debug_macro   0x0000000000000000       0x10 Src/syscalls.o
 .debug_macro   0x0000000000000000       0x6a Src/syscalls.o
 .debug_macro   0x0000000000000000       0x1c Src/syscalls.o
 .debug_macro   0x0000000000000000       0x52 Src/syscalls.o
 .debug_macro   0x0000000000000000       0x40 Src/syscalls.o
 .debug_macro   0x0000000000000000       0x10 Src/syscalls.o
 .debug_macro   0x0000000000000000       0x40 Src/syscalls.o
 .debug_macro   0x0000000000000000       0xd7 Src/syscalls.o
 .debug_macro   0x0000000000000000       0x1c Src/syscalls.o
 .debug_macro   0x0000000000000000       0x3d Src/syscalls.o
 .debug_macro   0x0000000000000000       0x35 Src/syscalls.o
 .debug_macro   0x0000000000000000      0x122 Src/syscalls.o
 .debug_macro   0x0000000000000000       0x16 Src/syscalls.o
 .debug_macro   0x0000000000000000       0x16 Src/syscalls.o
 .debug_macro   0x0000000000000000       0x29 Src/syscalls.o
 .debug_macro   0x0000000000000000       0x10 Src/syscalls.o
 .debug_macro   0x0000000000000000      0x241 Src/syscalls.o
 .debug_macro   0x0000000000000000       0x1c Src/syscalls.o
 .debug_macro   0x0000000000000000       0x10 Src/syscalls.o
 .debug_macro   0x0000000000000000       0x10 Src/syscalls.o
 .debug_macro   0x0000000000000000       0x16 Src/syscalls.o
 .debug_macro   0x0000000000000000      0x145 Src/syscalls.o
 .debug_macro   0x0000000000000000      0x189 Src/syscalls.o
 .debug_macro   0x0000000000000000       0x16 Src/syscalls.o
 .debug_macro   0x0000000000000000       0x88 Src/syscalls.o
 .debug_line    0x0000000000000000      0x73d Src/syscalls.o
 .debug_str     0x0000000000000000     0x88b1 Src/syscalls.o
 .comment       0x0000000000000000       0x7c Src/syscalls.o
 .debug_frame   0x0000000000000000      0x2ac Src/syscalls.o
 .ARM.attributes
                0x0000000000000000       0x33 Src/syscalls.o
 .group         0x0000000000000000        0xc Src/sysmem.o
 .group         0x0000000000000000        0xc Src/sysmem.o
 .group         0x0000000000000000        0xc Src/sysmem.o
 .group         0x0000000000000000        0xc Src/sysmem.o
 .group         0x0000000000000000        0xc Src/sysmem.o
 .group         0x0000000000000000        0xc Src/sysmem.o
 .group         0x0000000000000000        0xc Src/sysmem.o
 .group         0x0000000000000000        0xc Src/sysmem.o
 .group         0x0000000000000000        0xc Src/sysmem.o
 .group         0x0000000000000000        0xc Src/sysmem.o
 .group         0x0000000000000000        0xc Src/sysmem.o
 .group         0x0000000000000000        0xc Src/sysmem.o
 .group         0x0000000000000000        0xc Src/sysmem.o
 .group         0x0000000000000000        0xc Src/sysmem.o
 .group         0x0000000000000000        0xc Src/sysmem.o
 .group         0x0000000000000000        0xc Src/sysmem.o
 .group         0x0000000000000000        0xc Src/sysmem.o
 .group         0x0000000000000000        0xc Src/sysmem.o
 .group         0x0000000000000000        0xc Src/sysmem.o
 .group         0x0000000000000000        0xc Src/sysmem.o
 .group         0x0000000000000000        0xc Src/sysmem.o
 .group         0x0000000000000000        0xc Src/sysmem.o
 .group         0x0000000000000000        0xc Src/sysmem.o
 .group         0x0000000000000000        0xc Src/sysmem.o
 .group         0x0000000000000000        0xc Src/sysmem.o
 .group         0x0000000000000000        0xc Src/sysmem.o
 .group         0x0000000000000000        0xc Src/sysmem.o
 .group         0x0000000000000000        0xc Src/sysmem.o
 .group         0x0000000000000000        0xc Src/sysmem.o
 .group         0x0000000000000000        0xc Src/sysmem.o
 .group         0x0000000000000000        0xc Src/sysmem.o
 .group         0x0000000000000000        0xc Src/sysmem.o
 .text          0x0000000000000000        0x0 Src/sysmem.o
 .data          0x0000000000000000        0x0 Src/sysmem.o
 .bss           0x0000000000000000        0x0 Src/sysmem.o
 .bss.heap_end.5149
                0x0000000000000000        0x4 Src/sysmem.o
 .text._sbrk    0x0000000000000000       0x58 Src/sysmem.o
 .debug_info    0x0000000000000000      0x91c Src/sysmem.o
 .debug_abbrev  0x0000000000000000      0x1bb Src/sysmem.o
 .debug_aranges
                0x0000000000000000       0x20 Src/sysmem.o
 .debug_ranges  0x0000000000000000       0x10 Src/sysmem.o
 .debug_macro   0x0000000000000000      0x1ae Src/sysmem.o
 .debug_macro   0x0000000000000000      0xa66 Src/sysmem.o
 .debug_macro   0x0000000000000000       0x10 Src/sysmem.o
 .debug_macro   0x0000000000000000       0x22 Src/sysmem.o
 .debug_macro   0x0000000000000000       0x40 Src/sysmem.o
 .debug_macro   0x0000000000000000       0x18 Src/sysmem.o
 .debug_macro   0x0000000000000000       0x94 Src/sysmem.o
 .debug_macro   0x0000000000000000       0x3c Src/sysmem.o
 .debug_macro   0x0000000000000000       0x34 Src/sysmem.o
 .debug_macro   0x0000000000000000      0x174 Src/sysmem.o
 .debug_macro   0x0000000000000000       0x57 Src/sysmem.o
 .debug_macro   0x0000000000000000       0x52 Src/sysmem.o
 .debug_macro   0x0000000000000000       0x1f Src/sysmem.o
 .debug_macro   0x0000000000000000       0x43 Src/sysmem.o
 .debug_macro   0x0000000000000000       0x20 Src/sysmem.o
 .debug_macro   0x0000000000000000      0x1a3 Src/sysmem.o
 .debug_macro   0x0000000000000000      0x23b Src/sysmem.o
 .debug_macro   0x0000000000000000       0x16 Src/sysmem.o
 .debug_macro   0x0000000000000000       0x35 Src/sysmem.o
 .debug_macro   0x0000000000000000      0x330 Src/sysmem.o
 .debug_macro   0x0000000000000000       0x10 Src/sysmem.o
 .debug_macro   0x0000000000000000       0x10 Src/sysmem.o
 .debug_macro   0x0000000000000000       0x6a Src/sysmem.o
 .debug_macro   0x0000000000000000       0x1c Src/sysmem.o
 .debug_macro   0x0000000000000000       0x52 Src/sysmem.o
 .debug_macro   0x0000000000000000       0x40 Src/sysmem.o
 .debug_macro   0x0000000000000000       0x10 Src/sysmem.o
 .debug_macro   0x0000000000000000       0x40 Src/sysmem.o
 .debug_macro   0x0000000000000000       0xd7 Src/sysmem.o
 .debug_macro   0x0000000000000000       0x1c Src/sysmem.o
 .debug_macro   0x0000000000000000       0x3d Src/sysmem.o
 .debug_macro   0x0000000000000000       0x16 Src/sysmem.o
 .debug_macro   0x0000000000000000      0x145 Src/sysmem.o
 .debug_line    0x0000000000000000      0x559 Src/sysmem.o
 .debug_str     0x0000000000000000     0x7b0a Src/sysmem.o
 .comment       0x0000000000000000       0x7c Src/sysmem.o
 .debug_frame   0x0000000000000000       0x34 Src/sysmem.o
 .ARM.attributes
                0x0000000000000000       0x33 Src/sysmem.o
 .text          0x0000000000000000       0x14 Startup/startup_stm32f407vgtx.o
 .data          0x0000000000000000        0x0 Startup/startup_stm32f407vgtx.o
 .bss           0x0000000000000000        0x0 Startup/startup_stm32f407vgtx.o
 .text          0x0000000000000000        0x0 c:/st/stm32cubeide_1.1.0/stm32cubeide/plugins/com.st.stm32cube.ide.mcu.externaltools.gnu-tools-for-stm32.7-2018-q2-update.win32_1.0.0.201904181610/tools/bin/../lib/gcc/arm-none-eabi/7.3.1/../../../../arm-none-eabi/lib/thumb/v7e-m\libc_nano.a(lib_a-errno.o)
 .data          0x0000000000000000        0x0 c:/st/stm32cubeide_1.1.0/stm32cubeide/plugins/com.st.stm32cube.ide.mcu.externaltools.gnu-tools-for-stm32.7-2018-q2-update.win32_1.0.0.201904181610/tools/bin/../lib/gcc/arm-none-eabi/7.3.1/../../../../arm-none-eabi/lib/thumb/v7e-m\libc_nano.a(lib_a-errno.o)
 .bss           0x0000000000000000        0x0 c:/st/stm32cubeide_1.1.0/stm32cubeide/plugins/com.st.stm32cube.ide.mcu.externaltools.gnu-tools-for-stm32.7-2018-q2-update.win32_1.0.0.201904181610/tools/bin/../lib/gcc/arm-none-eabi/7.3.1/../../../../arm-none-eabi/lib/thumb/v7e-m\libc_nano.a(lib_a-errno.o)
 .text.__errno  0x0000000000000000        0xc c:/st/stm32cubeide_1.1.0/stm32cubeide/plugins/com.st.stm32cube.ide.mcu.externaltools.gnu-tools-for-stm32.7-2018-q2-update.win32_1.0.0.201904181610/tools/bin/../lib/gcc/arm-none-eabi/7.3.1/../../../../arm-none-eabi/lib/thumb/v7e-m\libc_nano.a(lib_a-errno.o)
 .debug_frame   0x0000000000000000       0x20 c:/st/stm32cubeide_1.1.0/stm32cubeide/plugins/com.st.stm32cube.ide.mcu.externaltools.gnu-tools-for-stm32.7-2018-q2-update.win32_1.0.0.201904181610/tools/bin/../lib/gcc/arm-none-eabi/7.3.1/../../../../arm-none-eabi/lib/thumb/v7e-m\libc_nano.a(lib_a-errno.o)
 .ARM.attributes
                0x0000000000000000       0x2e c:/st/stm32cubeide_1.1.0/stm32cubeide/plugins/com.st.stm32cube.ide.mcu.externaltools.gnu-tools-for-stm32.7-2018-q2-update.win32_1.0.0.201904181610/tools/bin/../lib/gcc/arm-none-eabi/7.3.1/../../../../arm-none-eabi/lib/thumb/v7e-m\libc_nano.a(lib_a-errno.o)
 .text          0x0000000000000000        0x0 c:/st/stm32cubeide_1.1.0/stm32cubeide/plugins/com.st.stm32cube.ide.mcu.externaltools.gnu-tools-for-stm32.7-2018-q2-update.win32_1.0.0.201904181610/tools/bin/../lib/gcc/arm-none-eabi/7.3.1/../../../../arm-none-eabi/lib/thumb/v7e-m\libc_nano.a(lib_a-exit.o)
 .data          0x0000000000000000        0x0 c:/st/stm32cubeide_1.1.0/stm32cubeide/plugins/com.st.stm32cube.ide.mcu.externaltools.gnu-tools-for-stm32.7-2018-q2-update.win32_1.0.0.201904181610/tools/bin/../lib/gcc/arm-none-eabi/7.3.1/../../../../arm-none-eabi/lib/thumb/v7e-m\libc_nano.a(lib_a-exit.o)
 .bss           0x0000000000000000        0x0 c:/st/stm32cubeide_1.1.0/stm32cubeide/plugins/com.st.stm32cube.ide.mcu.externaltools.gnu-tools-for-stm32.7-2018-q2-update.win32_1.0.0.201904181610/tools/bin/../lib/gcc/arm-none-eabi/7.3.1/../../../../arm-none-eabi/lib/thumb/v7e-m\libc_nano.a(lib_a-exit.o)
 .text.exit     0x0000000000000000       0x28 c:/st/stm32cubeide_1.1.0/stm32cubeide/plugins/com.st.stm32cube.ide.mcu.externaltools.gnu-tools-for-stm32.7-2018-q2-update.win32_1.0.0.201904181610/tools/bin/../lib/gcc/arm-none-eabi/7.3.1/../../../../arm-none-eabi/lib/thumb/v7e-m\libc_nano.a(lib_a-exit.o)
 .debug_frame   0x0000000000000000       0x28 c:/st/stm32cubeide_1.1.0/stm32cubeide/plugins/com.st.stm32cube.ide.mcu.externaltools.gnu-tools-for-stm32.7-2018-q2-update.win32_1.0.0.201904181610/tools/bin/../lib/gcc/arm-none-eabi/7.3.1/../../../../arm-none-eabi/lib/thumb/v7e-m\libc_nano.a(lib_a-exit.o)
 .ARM.attributes
                0x0000000000000000       0x2e c:/st/stm32cubeide_1.1.0/stm32cubeide/plugins/com.st.stm32cube.ide.mcu.externaltools.gnu-tools-for-stm32.7-2018-q2-update.win32_1.0.0.201904181610/tools/bin/../lib/gcc/arm-none-eabi/7.3.1/../../../../arm-none-eabi/lib/thumb/v7e-m\libc_nano.a(lib_a-exit.o)
 .text          0x0000000000000000        0x0 c:/st/stm32cubeide_1.1.0/stm32cubeide/plugins/com.st.stm32cube.ide.mcu.externaltools.gnu-tools-for-stm32.7-2018-q2-update.win32_1.0.0.201904181610/tools/bin/../lib/gcc/arm-none-eabi/7.3.1/../../../../arm-none-eabi/lib/thumb/v7e-m\libc_nano.a(lib_a-impure.o)
 .data          0x0000000000000000        0x0 c:/st/stm32cubeide_1.1.0/stm32cubeide/plugins/com.st.stm32cube.ide.mcu.externaltools.gnu-tools-for-stm32.7-2018-q2-update.win32_1.0.0.201904181610/tools/bin/../lib/gcc/arm-none-eabi/7.3.1/../../../../arm-none-eabi/lib/thumb/v7e-m\libc_nano.a(lib_a-impure.o)
 .bss           0x0000000000000000        0x0 c:/st/stm32cubeide_1.1.0/stm32cubeide/plugins/com.st.stm32cube.ide.mcu.externaltools.gnu-tools-for-stm32.7-2018-q2-update.win32_1.0.0.201904181610/tools/bin/../lib/gcc/arm-none-eabi/7.3.1/../../../../arm-none-eabi/lib/thumb/v7e-m\libc_nano.a(lib_a-impure.o)
 .data._impure_ptr
                0x0000000000000000        0x4 c:/st/stm32cubeide_1.1.0/stm32cubeide/plugins/com.st.stm32cube.ide.mcu.externaltools.gnu-tools-for-stm32.7-2018-q2-update.win32_1.0.0.201904181610/tools/bin/../lib/gcc/arm-none-eabi/7.3.1/../../../../arm-none-eabi/lib/thumb/v7e-m\libc_nano.a(lib_a-impure.o)
 .data.impure_data
                0x0000000000000000       0x60 c:/st/stm32cubeide_1.1.0/stm32cubeide/plugins/com.st.stm32cube.ide.mcu.externaltools.gnu-tools-for-stm32.7-2018-q2-update.win32_1.0.0.201904181610/tools/bin/../lib/gcc/arm-none-eabi/7.3.1/../../../../arm-none-eabi/lib/thumb/v7e-m\libc_nano.a(lib_a-impure.o)
 .rodata._global_impure_ptr
                0x0000000000000000        0x4 c:/st/stm32cubeide_1.1.0/stm32cubeide/plugins/com.st.stm32cube.ide.mcu.externaltools.gnu-tools-for-stm32.7-2018-q2-update.win32_1.0.0.201904181610/tools/bin/../lib/gcc/arm-none-eabi/7.3.1/../../../../arm-none-eabi/lib/thumb/v7e-m\libc_nano.a(lib_a-impure.o)
 .ARM.attributes
                0x0000000000000000       0x2e c:/st/stm32cubeide_1.1.0/stm32cubeide/plugins/com.st.stm32cube.ide.mcu.externaltools.gnu-tools-for-stm32.7-2018-q2-update.win32_1.0.0.201904181610/tools/bin/../lib/gcc/arm-none-eabi/7.3.1/../../../../arm-none-eabi/lib/thumb/v7e-m\libc_nano.a(lib_a-impure.o)
 .text          0x0000000000000000        0x0 c:/st/stm32cubeide_1.1.0/stm32cubeide/plugins/com.st.stm32cube.ide.mcu.externaltools.gnu-tools-for-stm32.7-2018-q2-update.win32_1.0.0.201904181610/tools/bin/../lib/gcc/arm-none-eabi/7.3.1/../../../../arm-none-eabi/lib/thumb/v7e-m\libc_nano.a(lib_a-init.o)
 .data          0x0000000000000000        0x0 c:/st/stm32cubeide_1.1.0/stm32cubeide/plugins/com.st.stm32cube.ide.mcu.externaltools.gnu-tools-for-stm32.7-2018-q2-update.win32_1.0.0.201904181610/tools/bin/../lib/gcc/arm-none-eabi/7.3.1/../../../../arm-none-eabi/lib/thumb/v7e-m\libc_nano.a(lib_a-init.o)
 .bss           0x0000000000000000        0x0 c:/st/stm32cubeide_1.1.0/stm32cubeide/plugins/com.st.stm32cube.ide.mcu.externaltools.gnu-tools-for-stm32.7-2018-q2-update.win32_1.0.0.201904181610/tools/bin/../lib/gcc/arm-none-eabi/7.3.1/../../../../arm-none-eabi/lib/thumb/v7e-m\libc_nano.a(lib_a-init.o)
 .text          0x0000000000000000        0x0 c:/st/stm32cubeide_1.1.0/stm32cubeide/plugins/com.st.stm32cube.ide.mcu.externaltools.gnu-tools-for-stm32.7-2018-q2-update.win32_1.0.0.201904181610/tools/bin/../lib/gcc/arm-none-eabi/7.3.1/../../../../arm-none-eabi/lib/thumb/v7e-m\libc_nano.a(lib_a-memset.o)
 .data          0x0000000000000000        0x0 c:/st/stm32cubeide_1.1.0/stm32cubeide/plugins/com.st.stm32cube.ide.mcu.externaltools.gnu-tools-for-stm32.7-2018-q2-update.win32_1.0.0.201904181610/tools/bin/../lib/gcc/arm-none-eabi/7.3.1/../../../../arm-none-eabi/lib/thumb/v7e-m\libc_nano.a(lib_a-memset.o)
 .bss           0x0000000000000000        0x0 c:/st/stm32cubeide_1.1.0/stm32cubeide/plugins/com.st.stm32cube.ide.mcu.externaltools.gnu-tools-for-stm32.7-2018-q2-update.win32_1.0.0.201904181610/tools/bin/../lib/gcc/arm-none-eabi/7.3.1/../../../../arm-none-eabi/lib/thumb/v7e-m\libc_nano.a(lib_a-memset.o)
 .data          0x0000000000000000        0x0 c:/st/stm32cubeide_1.1.0/stm32cubeide/plugins/com.st.stm32cube.ide.mcu.externaltools.gnu-tools-for-stm32.7-2018-q2-update.win32_1.0.0.201904181610/tools/bin/../lib/gcc/arm-none-eabi/7.3.1/../../../../arm-none-eabi/lib/thumb/v7e-m\libc_nano.a(lib_a-strlen.o)
 .bss           0x0000000000000000        0x0 c:/st/stm32cubeide_1.1.0/stm32cubeide/plugins/com.st.stm32cube.ide.mcu.externaltools.gnu-tools-for-stm32.7-2018-q2-update.win32_1.0.0.201904181610/tools/bin/../lib/gcc/arm-none-eabi/7.3.1/../../../../arm-none-eabi/lib/thumb/v7e-m\libc_nano.a(lib_a-strlen.o)
 .text          0x0000000000000000        0x0 c:/st/stm32cubeide_1.1.0/stm32cubeide/plugins/com.st.stm32cube.ide.mcu.externaltools.gnu-tools-for-stm32.7-2018-q2-update.win32_1.0.0.201904181610/tools/bin/../lib/gcc/arm-none-eabi/7.3.1/thumb/v7e-m/crtend.o
 .data          0x0000000000000000        0x0 c:/st/stm32cubeide_1.1.0/stm32cubeide/plugins/com.st.stm32cube.ide.mcu.externaltools.gnu-tools-for-stm32.7-2018-q2-update.win32_1.0.0.201904181610/tools/bin/../lib/gcc/arm-none-eabi/7.3.1/thumb/v7e-m/crtend.o
 .bss           0x0000000000000000        0x0 c:/st/stm32cubeide_1.1.0/stm32cubeide/plugins/com.st.stm32cube.ide.mcu.externaltools.gnu-tools-for-stm32.7-2018-q2-update.win32_1.0.0.201904181610/tools/bin/../lib/gcc/arm-none-eabi/7.3.1/thumb/v7e-m/crtend.o
 .eh_frame      0x0000000000000000        0x4 c:/st/stm32cubeide_1.1.0/stm32cubeide/plugins/com.st.stm32cube.ide.mcu.externaltools.gnu-tools-for-stm32.7-2018-q2-update.win32_1.0.0.201904181610/tools/bin/../lib/gcc/arm-none-eabi/7.3.1/thumb/v7e-m/crtend.o
 .ARM.attributes
                0x0000000000000000       0x2e c:/st/stm32cubeide_1.1.0/stm32cubeide/plugins/com.st.stm32cube.ide.mcu.externaltools.gnu-tools-for-stm32.7-2018-q2-update.win32_1.0.0.201904181610/tools/bin/../lib/gcc/arm-none-eabi/7.3.1/thumb/v7e-m/crtend.o
 .text          0x0000000000000000        0x0 c:/st/stm32cubeide_1.1.0/stm32cubeide/plugins/com.st.stm32cube.ide.mcu.externaltools.gnu-tools-for-stm32.7-2018-q2-update.win32_1.0.0.201904181610/tools/bin/../lib/gcc/arm-none-eabi/7.3.1/thumb/v7e-m/crtn.o
 .data          0x0000000000000000        0x0 c:/st/stm32cubeide_1.1.0/stm32cubeide/plugins/com.st.stm32cube.ide.mcu.externaltools.gnu-tools-for-stm32.7-2018-q2-update.win32_1.0.0.201904181610/tools/bin/../lib/gcc/arm-none-eabi/7.3.1/thumb/v7e-m/crtn.o
 .bss           0x0000000000000000        0x0 c:/st/stm32cubeide_1.1.0/stm32cubeide/plugins/com.st.stm32cube.ide.mcu.externaltools.gnu-tools-for-stm32.7-2018-q2-update.win32_1.0.0.201904181610/tools/bin/../lib/gcc/arm-none-eabi/7.3.1/thumb/v7e-m/crtn.o

Memory Configuration

Name             Origin             Length             Attributes
RAM              0x0000000020000000 0x0000000000020000 xrw
ROM              0x0000000008000000 0x0000000000100000 xr
*default*        0x0000000000000000 0xffffffffffffffff

Linker script and memory map

LOAD c:/st/stm32cubeide_1.1.0/stm32cubeide/plugins/com.st.stm32cube.ide.mcu.externaltools.gnu-tools-for-stm32.7-2018-q2-update.win32_1.0.0.201904181610/tools/bin/../lib/gcc/arm-none-eabi/7.3.1/thumb/v7e-m/crti.o
LOAD c:/st/stm32cubeide_1.1.0/stm32cubeide/plugins/com.st.stm32cube.ide.mcu.externaltools.gnu-tools-for-stm32.7-2018-q2-update.win32_1.0.0.201904181610/tools/bin/../lib/gcc/arm-none-eabi/7.3.1/thumb/v7e-m/crtbegin.o
LOAD c:/st/stm32cubeide_1.1.0/stm32cubeide/plugins/com.st.stm32cube.ide.mcu.externaltools.gnu-tools-for-stm32.7-2018-q2-update.win32_1.0.0.201904181610/tools/bin/../lib/gcc/arm-none-eabi/7.3.1/../../../../arm-none-eabi/lib/thumb/v7e-m/crt0.o
LOAD Driver/Src/stm32f407xx_gpio_driver.o
LOAD Driver/Src/stm32f407xx_rcc_driver.o
LOAD Driver/Src/stm32f407xx_uart_driver.o
LOAD Src/main.o
LOAD Src/syscalls.o
LOAD Src/sysmem.o
LOAD Startup/startup_stm32f407vgtx.o
START GROUP
LOAD c:/st/stm32cubeide_1.1.0/stm32cubeide/plugins/com.st.stm32cube.ide.mcu.externaltools.gnu-tools-for-stm32.7-2018-q2-update.win32_1.0.0.201904181610/tools/bin/../lib/gcc/arm-none-eabi/7.3.1/../../../../arm-none-eabi/lib/thumb/v7e-m\libc_nano.a
LOAD c:/st/stm32cubeide_1.1.0/stm32cubeide/plugins/com.st.stm32cube.ide.mcu.externaltools.gnu-tools-for-stm32.7-2018-q2-update.win32_1.0.0.201904181610/tools/bin/../lib/gcc/arm-none-eabi/7.3.1/../../../../arm-none-eabi/lib/thumb/v7e-m\libm.a
END GROUP
START GROUP
LOAD c:/st/stm32cubeide_1.1.0/stm32cubeide/plugins/com.st.stm32cube.ide.mcu.externaltools.gnu-tools-for-stm32.7-2018-q2-update.win32_1.0.0.201904181610/tools/bin/../lib/gcc/arm-none-eabi/7.3.1/thumb/v7e-m\libgcc.a
LOAD c:/st/stm32cubeide_1.1.0/stm32cubeide/plugins/com.st.stm32cube.ide.mcu.externaltools.gnu-tools-for-stm32.7-2018-q2-update.win32_1.0.0.201904181610/tools/bin/../lib/gcc/arm-none-eabi/7.3.1/../../../../arm-none-eabi/lib/thumb/v7e-m\libc_nano.a
END GROUP
START GROUP
LOAD c:/st/stm32cubeide_1.1.0/stm32cubeide/plugins/com.st.stm32cube.ide.mcu.externaltools.gnu-tools-for-stm32.7-2018-q2-update.win32_1.0.0.201904181610/tools/bin/../lib/gcc/arm-none-eabi/7.3.1/thumb/v7e-m\libgcc.a
LOAD c:/st/stm32cubeide_1.1.0/stm32cubeide/plugins/com.st.stm32cube.ide.mcu.externaltools.gnu-tools-for-stm32.7-2018-q2-update.win32_1.0.0.201904181610/tools/bin/../lib/gcc/arm-none-eabi/7.3.1/../../../../arm-none-eabi/lib/thumb/v7e-m\libc_nano.a
LOAD c:/st/stm32cubeide_1.1.0/stm32cubeide/plugins/com.st.stm32cube.ide.mcu.externaltools.gnu-tools-for-stm32.7-2018-q2-update.win32_1.0.0.201904181610/tools/bin/../lib/gcc/arm-none-eabi/7.3.1/../../../../arm-none-eabi/lib/thumb/v7e-m\libnosys.a
END GROUP
START GROUP
LOAD c:/st/stm32cubeide_1.1.0/stm32cubeide/plugins/com.st.stm32cube.ide.mcu.externaltools.gnu-tools-for-stm32.7-2018-q2-update.win32_1.0.0.201904181610/tools/bin/../lib/gcc/arm-none-eabi/7.3.1/thumb/v7e-m\libgcc.a
LOAD c:/st/stm32cubeide_1.1.0/stm32cubeide/plugins/com.st.stm32cube.ide.mcu.externaltools.gnu-tools-for-stm32.7-2018-q2-update.win32_1.0.0.201904181610/tools/bin/../lib/gcc/arm-none-eabi/7.3.1/../../../../arm-none-eabi/lib/thumb/v7e-m\libc_nano.a
LOAD c:/st/stm32cubeide_1.1.0/stm32cubeide/plugins/com.st.stm32cube.ide.mcu.externaltools.gnu-tools-for-stm32.7-2018-q2-update.win32_1.0.0.201904181610/tools/bin/../lib/gcc/arm-none-eabi/7.3.1/../../../../arm-none-eabi/lib/thumb/v7e-m\libnosys.a
END GROUP
LOAD c:/st/stm32cubeide_1.1.0/stm32cubeide/plugins/com.st.stm32cube.ide.mcu.externaltools.gnu-tools-for-stm32.7-2018-q2-update.win32_1.0.0.201904181610/tools/bin/../lib/gcc/arm-none-eabi/7.3.1/thumb/v7e-m/crtend.o
LOAD c:/st/stm32cubeide_1.1.0/stm32cubeide/plugins/com.st.stm32cube.ide.mcu.externaltools.gnu-tools-for-stm32.7-2018-q2-update.win32_1.0.0.201904181610/tools/bin/../lib/gcc/arm-none-eabi/7.3.1/thumb/v7e-m/crtn.o
                0x0000000020020000                _estack = (ORIGIN (RAM) + LENGTH (RAM))
                0x0000000000000200                _Min_Heap_Size = 0x200
                0x0000000000000400                _Min_Stack_Size = 0x400

.isr_vector     0x0000000008000000      0x1a8
                0x0000000008000000                . = ALIGN (0x4)
 *(.isr_vector)
 .isr_vector    0x0000000008000000      0x1a8 Startup/startup_stm32f407vgtx.o
                0x0000000008000000                g_pfnVectors
                0x00000000080001a8                . = ALIGN (0x4)

.text           0x00000000080001a8     0x14c4
                0x00000000080001a8                . = ALIGN (0x4)
 *(.text)
 .text          0x00000000080001a8       0x40 c:/st/stm32cubeide_1.1.0/stm32cubeide/plugins/com.st.stm32cube.ide.mcu.externaltools.gnu-tools-for-stm32.7-2018-q2-update.win32_1.0.0.201904181610/tools/bin/../lib/gcc/arm-none-eabi/7.3.1/thumb/v7e-m/crtbegin.o
 .text          0x00000000080001e8       0x10 c:/st/stm32cubeide_1.1.0/stm32cubeide/plugins/com.st.stm32cube.ide.mcu.externaltools.gnu-tools-for-stm32.7-2018-q2-update.win32_1.0.0.201904181610/tools/bin/../lib/gcc/arm-none-eabi/7.3.1/../../../../arm-none-eabi/lib/thumb/v7e-m\libc_nano.a(lib_a-strlen.o)
                0x00000000080001e8                strlen
 *(.text*)
 .text.GPIO_PCLK_Control
                0x00000000080001f8      0x1d0 Driver/Src/stm32f407xx_gpio_driver.o
                0x00000000080001f8                GPIO_PCLK_Control
 .text.GPIO_Init
                0x00000000080003c8      0x340 Driver/Src/stm32f407xx_gpio_driver.o
                0x00000000080003c8                GPIO_Init
 .text.GPIO_IRQITConfig
                0x0000000008000708      0x108 Driver/Src/stm32f407xx_gpio_driver.o
                0x0000000008000708                GPIO_IRQITConfig
 .text.GPIO_IRQ_Handling
                0x0000000008000810       0x40 Driver/Src/stm32f407xx_gpio_driver.o
                0x0000000008000810                GPIO_IRQ_Handling
 .text.RCC_GetPCLK1Value
                0x0000000008000850       0xb0 Driver/Src/stm32f407xx_rcc_driver.o
                0x0000000008000850                RCC_GetPCLK1Value
 .text.RCC_GetPCLK2Value
                0x0000000008000900       0xb0 Driver/Src/stm32f407xx_rcc_driver.o
                0x0000000008000900                RCC_GetPCLK2Value
 .text.RCC_GetPLLOutputClock
                0x00000000080009b0       0x6c Driver/Src/stm32f407xx_rcc_driver.o
                0x00000000080009b0                RCC_GetPLLOutputClock
 .text.UART_PCLK_Control
                0x0000000008000a1c      0x140 Driver/Src/stm32f407xx_uart_driver.o
                0x0000000008000a1c                UART_PCLK_Control
 .text.UART_Init
                0x0000000008000b5c      0x14c Driver/Src/stm32f407xx_uart_driver.o
                0x0000000008000b5c                UART_Init
 .text.USART_SendData
                0x0000000008000ca8       0x9a Driver/Src/stm32f407xx_uart_driver.o
                0x0000000008000ca8                USART_SendData
 .text.USART_ReceiveDataIT
                0x0000000008000d42       0x50 Driver/Src/stm32f407xx_uart_driver.o
                0x0000000008000d42                USART_ReceiveDataIT
 *fill*         0x0000000008000d92        0x2 
 .text.UART_IRQITConfig
                0x0000000008000d94      0x108 Driver/Src/stm32f407xx_uart_driver.o
                0x0000000008000d94                UART_IRQITConfig
 .text.UART_IRQ_Handling
                0x0000000008000e9c      0x3b2 Driver/Src/stm32f407xx_uart_driver.o
                0x0000000008000e9c                UART_IRQ_Handling
 .text.UART_PeripheralControl
                0x000000000800124e       0x36 Driver/Src/stm32f407xx_uart_driver.o
                0x000000000800124e                UART_PeripheralControl
 .text.UART_GetFlagStatus
                0x0000000008001284       0x26 Driver/Src/stm32f407xx_uart_driver.o
                0x0000000008001284                UART_GetFlagStatus
 *fill*         0x00000000080012aa        0x2 
 .text.USART_SetBaudRate
                0x00000000080012ac       0xe4 Driver/Src/stm32f407xx_uart_driver.o
                0x00000000080012ac                USART_SetBaudRate
 .text.Delay    0x0000000008001390       0x26 Src/main.o
                0x0000000008001390                Delay
 *fill*         0x00000000080013b6        0x2 
 .text.USer_Button_Init
                0x00000000080013b8       0x2c Src/main.o
                0x00000000080013b8                USer_Button_Init
 .text.UART_Pin_Config
                0x00000000080013e4       0x44 Src/main.o
                0x00000000080013e4                UART_Pin_Config
 .text.UART2_Init
                0x0000000008001428       0x44 Src/main.o
                0x0000000008001428                UART2_Init
 .text.main     0x000000000800146c       0xe0 Src/main.o
                0x000000000800146c                main
 .text.EXTI0_IRQHandler
                0x000000000800154c       0x20 Src/main.o
                0x000000000800154c                EXTI0_IRQHandler
 .text.USART2_IRQHandler
                0x000000000800156c       0x14 Src/main.o
                0x000000000800156c                USART2_IRQHandler
 .text.USART_ApplicationEventCallback
                0x0000000008001580       0x28 Src/main.o
                0x0000000008001580                USART_ApplicationEventCallback
 .text.Reset_Handler
                0x00000000080015a8       0x50 Startup/startup_stm32f407vgtx.o
                0x00000000080015a8                Reset_Handler
 .text.Default_Handler
                0x00000000080015f8        0x2 Startup/startup_stm32f407vgtx.o
                0x00000000080015f8                RTC_Alarm_IRQHandler
                0x00000000080015f8                HASH_RNG_IRQHandler
                0x00000000080015f8                EXTI2_IRQHandler
                0x00000000080015f8                TIM8_CC_IRQHandler
                0x00000000080015f8                DebugMon_Handler
                0x00000000080015f8                TIM1_CC_IRQHandler
                0x00000000080015f8                DMA2_Stream5_IRQHandler
                0x00000000080015f8                HardFault_Handler
                0x00000000080015f8                DMA1_Stream5_IRQHandler
                0x00000000080015f8                SysTick_Handler
                0x00000000080015f8                PVD_IRQHandler
                0x00000000080015f8                SDIO_IRQHandler
                0x00000000080015f8                TAMP_STAMP_IRQHandler
                0x00000000080015f8                PendSV_Handler
                0x00000000080015f8                NMI_Handler
                0x00000000080015f8                CAN2_RX1_IRQHandler
                0x00000000080015f8                EXTI3_IRQHandler
                0x00000000080015f8                TIM8_TRG_COM_TIM14_IRQHandler
                0x00000000080015f8                TIM1_UP_TIM10_IRQHandler
                0x00000000080015f8                TIM8_UP_TIM13_IRQHandler
                0x00000000080015f8                I2C3_ER_IRQHandler
                0x00000000080015f8                LCD_TFT_IRQHandler
                0x00000000080015f8                I2C2_EV_IRQHandler
                0x00000000080015f8                DMA1_Stream2_IRQHandler
                0x00000000080015f8                CAN1_RX0_IRQHandler
                0x00000000080015f8                FPU_IRQHandler
                0x00000000080015f8                OTG_HS_WKUP_IRQHandler
                0x00000000080015f8                UsageFault_Handler
                0x00000000080015f8                CAN2_SCE_IRQHandler
                0x00000000080015f8                DMA2_Stream2_IRQHandler
                0x00000000080015f8                SPI1_IRQHandler
                0x00000000080015f8                TIM6_DAC_IRQHandler
                0x00000000080015f8                TIM1_BRK_TIM9_IRQHandler
                0x00000000080015f8                DCMI_IRQHandler
                0x00000000080015f8                CAN2_RX0_IRQHandler
                0x00000000080015f8                DMA2_Stream3_IRQHandler
                0x00000000080015f8                USART6_IRQHandler
                0x00000000080015f8                USART3_IRQHandler
                0x00000000080015f8                CRYP_IRQHandler
                0x00000000080015f8                CAN1_RX1_IRQHandler
                0x00000000080015f8                UART5_IRQHandler
                0x00000000080015f8                DMA2_Stream0_IRQHandler
                0x00000000080015f8                TIM4_IRQHandler
                0x00000000080015f8                I2C1_EV_IRQHandler
                0x00000000080015f8                DMA1_Stream6_IRQHandler
                0x00000000080015f8                DMA1_Stream1_IRQHandler
                0x00000000080015f8                UART4_IRQHandler
                0x00000000080015f8                LCD_TFT_1_IRQHandler
                0x00000000080015f8                TIM3_IRQHandler
                0x00000000080015f8                RCC_IRQHandler
                0x00000000080015f8                TIM8_BRK_TIM12_IRQHandler
                0x00000000080015f8                Default_Handler
                0x00000000080015f8                EXTI15_10_IRQHandler
                0x00000000080015f8                ADC_IRQHandler
                0x00000000080015f8                DMA1_Stream7_IRQHandler
                0x00000000080015f8                TIM7_IRQHandler
                0x00000000080015f8                CAN2_TX_IRQHandler
                0x00000000080015f8                TIM5_IRQHandler
                0x00000000080015f8                DMA2_Stream7_IRQHandler
                0x00000000080015f8                I2C3_EV_IRQHandler
                0x00000000080015f8                EXTI9_5_IRQHandler
                0x00000000080015f8                RTC_WKUP_IRQHandler
                0x00000000080015f8                ETH_WKUP_IRQHandler
                0x00000000080015f8                SPI2_IRQHandler
                0x00000000080015f8                OTG_HS_EP1_IN_IRQHandler
                0x00000000080015f8                MemManage_Handler
                0x00000000080015f8                DMA1_Stream0_IRQHandler
                0x00000000080015f8                CAN1_TX_IRQHandler
                0x00000000080015f8                SVC_Handler
                0x00000000080015f8                EXTI4_IRQHandler
                0x00000000080015f8                FSMC_IRQHandler
                0x00000000080015f8                ETH_IRQHandler
                0x00000000080015f8                OTG_HS_EP1_OUT_IRQHandler
                0x00000000080015f8                WWDG_IRQHandler
                0x00000000080015f8                TIM2_IRQHandler
                0x00000000080015f8                OTG_FS_WKUP_IRQHandler
                0x00000000080015f8                TIM1_TRG_COM_TIM11_IRQHandler
                0x00000000080015f8                OTG_HS_IRQHandler
                0x00000000080015f8                EXTI1_IRQHandler
                0x00000000080015f8                I2C2_ER_IRQHandler
                0x00000000080015f8                DMA2_Stream1_IRQHandler
                0x00000000080015f8                CAN1_SCE_IRQHandler
                0x00000000080015f8                DMA2_Stream4_IRQHandler
                0x00000000080015f8                BusFault_Handler
                0x00000000080015f8                USART1_IRQHandler
                0x00000000080015f8                OTG_FS_IRQHandler
                0x00000000080015f8                SPI3_IRQHandler
                0x00000000080015f8                DMA1_Stream4_IRQHandler
                0x00000000080015f8                I2C1_ER_IRQHandler
                0x00000000080015f8                DMA2_Stream6_IRQHandler
                0x00000000080015f8                DMA1_Stream3_IRQHandler
 *fill*         0x00000000080015fa        0x2 
 .text.__libc_init_array
                0x00000000080015fc       0x48 c:/st/stm32cubeide_1.1.0/stm32cubeide/plugins/com.st.stm32cube.ide.mcu.externaltools.gnu-tools-for-stm32.7-2018-q2-update.win32_1.0.0.201904181610/tools/bin/../lib/gcc/arm-none-eabi/7.3.1/../../../../arm-none-eabi/lib/thumb/v7e-m\libc_nano.a(lib_a-init.o)
                0x00000000080015fc                __libc_init_array
 .text.memset   0x0000000008001644       0x10 c:/st/stm32cubeide_1.1.0/stm32cubeide/plugins/com.st.stm32cube.ide.mcu.externaltools.gnu-tools-for-stm32.7-2018-q2-update.win32_1.0.0.201904181610/tools/bin/../lib/gcc/arm-none-eabi/7.3.1/../../../../arm-none-eabi/lib/thumb/v7e-m\libc_nano.a(lib_a-memset.o)
                0x0000000008001644                memset
 *(.glue_7)
 .glue_7        0x0000000008001654        0x0 linker stubs
 *(.glue_7t)
 .glue_7t       0x0000000008001654        0x0 linker stubs
 *(.eh_frame)
 .eh_frame      0x0000000008001654        0x0 c:/st/stm32cubeide_1.1.0/stm32cubeide/plugins/com.st.stm32cube.ide.mcu.externaltools.gnu-tools-for-stm32.7-2018-q2-update.win32_1.0.0.201904181610/tools/bin/../lib/gcc/arm-none-eabi/7.3.1/thumb/v7e-m/crtbegin.o
 *(.init)
 .init          0x0000000008001654        0x4 c:/st/stm32cubeide_1.1.0/stm32cubeide/plugins/com.st.stm32cube.ide.mcu.externaltools.gnu-tools-for-stm32.7-2018-q2-update.win32_1.0.0.201904181610/tools/bin/../lib/gcc/arm-none-eabi/7.3.1/thumb/v7e-m/crti.o
                0x0000000008001654                _init
 .init          0x0000000008001658        0x8 c:/st/stm32cubeide_1.1.0/stm32cubeide/plugins/com.st.stm32cube.ide.mcu.externaltools.gnu-tools-for-stm32.7-2018-q2-update.win32_1.0.0.201904181610/tools/bin/../lib/gcc/arm-none-eabi/7.3.1/thumb/v7e-m/crtn.o
 *(.fini)
 .fini          0x0000000008001660        0x4 c:/st/stm32cubeide_1.1.0/stm32cubeide/plugins/com.st.stm32cube.ide.mcu.externaltools.gnu-tools-for-stm32.7-2018-q2-update.win32_1.0.0.201904181610/tools/bin/../lib/gcc/arm-none-eabi/7.3.1/thumb/v7e-m/crti.o
                0x0000000008001660                _fini
 .fini          0x0000000008001664        0x8 c:/st/stm32cubeide_1.1.0/stm32cubeide/plugins/com.st.stm32cube.ide.mcu.externaltools.gnu-tools-for-stm32.7-2018-q2-update.win32_1.0.0.201904181610/tools/bin/../lib/gcc/arm-none-eabi/7.3.1/thumb/v7e-m/crtn.o
                0x000000000800166c                . = ALIGN (0x4)
                0x000000000800166c                _etext = .

.vfp11_veneer   0x000000000800166c        0x0
 .vfp11_veneer  0x000000000800166c        0x0 linker stubs

.v4_bx          0x000000000800166c        0x0
 .v4_bx         0x000000000800166c        0x0 linker stubs

.iplt           0x000000000800166c        0x0
 .iplt          0x000000000800166c        0x0 c:/st/stm32cubeide_1.1.0/stm32cubeide/plugins/com.st.stm32cube.ide.mcu.externaltools.gnu-tools-for-stm32.7-2018-q2-update.win32_1.0.0.201904181610/tools/bin/../lib/gcc/arm-none-eabi/7.3.1/thumb/v7e-m/crtbegin.o

.rodata         0x000000000800166c       0x2c
                0x000000000800166c                . = ALIGN (0x4)
 *(.rodata)
 .rodata        0x000000000800166c       0x2b Src/main.o
 *(.rodata*)
                0x0000000008001698                . = ALIGN (0x4)
 *fill*         0x0000000008001697        0x1 

.rel.dyn        0x0000000008001698        0x0
 .rel.iplt      0x0000000008001698        0x0 c:/st/stm32cubeide_1.1.0/stm32cubeide/plugins/com.st.stm32cube.ide.mcu.externaltools.gnu-tools-for-stm32.7-2018-q2-update.win32_1.0.0.201904181610/tools/bin/../lib/gcc/arm-none-eabi/7.3.1/thumb/v7e-m/crtbegin.o

.ARM.extab      0x0000000008001698        0x0
                0x0000000008001698                . = ALIGN (0x4)
 *(.ARM.extab* .gnu.linkonce.armextab.*)
                0x0000000008001698                . = ALIGN (0x4)

.ARM            0x0000000008001698        0x0
                0x0000000008001698                . = ALIGN (0x4)
                0x0000000008001698                __exidx_start = .
 *(.ARM.exidx*)
                0x0000000008001698                __exidx_end = .
                0x0000000008001698                . = ALIGN (0x4)

.preinit_array  0x0000000008001698        0x0
                0x0000000008001698                . = ALIGN (0x4)
                0x0000000008001698                PROVIDE (__preinit_array_start = .)
 *(.preinit_array*)
                0x0000000008001698                PROVIDE (__preinit_array_end = .)
                0x0000000008001698                . = ALIGN (0x4)

.init_array     0x0000000008001698        0x4
                0x0000000008001698                . = ALIGN (0x4)
                0x0000000008001698                PROVIDE (__init_array_start = .)
 *(SORT_BY_NAME(.init_array.*))
 *(.init_array*)
 .init_array    0x0000000008001698        0x4 c:/st/stm32cubeide_1.1.0/stm32cubeide/plugins/com.st.stm32cube.ide.mcu.externaltools.gnu-tools-for-stm32.7-2018-q2-update.win32_1.0.0.201904181610/tools/bin/../lib/gcc/arm-none-eabi/7.3.1/thumb/v7e-m/crtbegin.o
                0x000000000800169c                PROVIDE (__init_array_end = .)
                0x000000000800169c                . = ALIGN (0x4)

.fini_array     0x000000000800169c        0x4
                0x000000000800169c                . = ALIGN (0x4)
                [!provide]                        PROVIDE (__fini_array_start = .)
 *(SORT_BY_NAME(.fini_array.*))
 *(.fini_array*)
 .fini_array    0x000000000800169c        0x4 c:/st/stm32cubeide_1.1.0/stm32cubeide/plugins/com.st.stm32cube.ide.mcu.externaltools.gnu-tools-for-stm32.7-2018-q2-update.win32_1.0.0.201904181610/tools/bin/../lib/gcc/arm-none-eabi/7.3.1/thumb/v7e-m/crtbegin.o
                [!provide]                        PROVIDE (__fini_array_end = .)
                0x00000000080016a0                . = ALIGN (0x4)
                0x00000000080016a0                _sidata = LOADADDR (.data)

.data           0x0000000020000000       0x24 load address 0x00000000080016a0
                0x0000000020000000                . = ALIGN (0x4)
                0x0000000020000000                _sdata = .
 *(.data)
 *(.data*)
 .data.AHB_Prescaler
                0x0000000020000000       0x10 Driver/Src/stm32f407xx_rcc_driver.o
                0x0000000020000000                AHB_Prescaler
 .data.APB1_Prescaler
                0x0000000020000010        0x4 Driver/Src/stm32f407xx_rcc_driver.o
                0x0000000020000010                APB1_Prescaler
 .data.APB2_Prescaler
                0x0000000020000014        0x4 Driver/Src/stm32f407xx_rcc_driver.o
                0x0000000020000014                APB2_Prescaler
 .data.msg      0x0000000020000018        0xc Src/main.o
                0x0000000020000018                msg
                0x0000000020000024                . = ALIGN (0x4)
                0x0000000020000024                _edata = .

.igot.plt       0x0000000020000024        0x0 load address 0x00000000080016c4
 .igot.plt      0x0000000020000024        0x0 c:/st/stm32cubeide_1.1.0/stm32cubeide/plugins/com.st.stm32cube.ide.mcu.externaltools.gnu-tools-for-stm32.7-2018-q2-update.win32_1.0.0.201904181610/tools/bin/../lib/gcc/arm-none-eabi/7.3.1/thumb/v7e-m/crtbegin.o
                0x0000000020000024                . = ALIGN (0x4)

.bss            0x0000000020000024      0x444 load address 0x00000000080016c4
                0x0000000020000024                _sbss = .
                0x0000000020000024                __bss_start__ = _sbss
 *(.bss)
 .bss           0x0000000020000024       0x1c c:/st/stm32cubeide_1.1.0/stm32cubeide/plugins/com.st.stm32cube.ide.mcu.externaltools.gnu-tools-for-stm32.7-2018-q2-update.win32_1.0.0.201904181610/tools/bin/../lib/gcc/arm-none-eabi/7.3.1/thumb/v7e-m/crtbegin.o
 *(.bss*)
 *(COMMON)
 COMMON         0x0000000020000040      0x428 Src/main.o
                0x0000000020000040                UARTHandle
                0x0000000020000064                RxCmlt
                0x0000000020000065                Btn_Ctrl
                0x0000000020000068                RxBuf
                0x0000000020000468                . = ALIGN (0x4)
                0x0000000020000468                _ebss = .
                0x0000000020000468                __bss_end__ = _ebss

._user_heap_stack
                0x0000000020000468      0x600 load address 0x00000000080016c4
                0x0000000020000468                . = ALIGN (0x8)
                0x0000000020000468                PROVIDE (end = .)
                [!provide]                        PROVIDE (_end = .)
                0x0000000020000668                . = (. + _Min_Heap_Size)
 *fill*         0x0000000020000468      0x200 
                0x0000000020000a68                . = (. + _Min_Stack_Size)
 *fill*         0x0000000020000668      0x400 
                0x0000000020000a68                . = ALIGN (0x8)

/DISCARD/
 libc.a(*)
 libm.a(*)
 libgcc.a(*)

.ARM.attributes
                0x0000000000000000       0x2a
 *(.ARM.attributes)
 .ARM.attributes
                0x0000000000000000       0x1e c:/st/stm32cubeide_1.1.0/stm32cubeide/plugins/com.st.stm32cube.ide.mcu.externaltools.gnu-tools-for-stm32.7-2018-q2-update.win32_1.0.0.201904181610/tools/bin/../lib/gcc/arm-none-eabi/7.3.1/thumb/v7e-m/crti.o
 .ARM.attributes
                0x000000000000001e       0x2e c:/st/stm32cubeide_1.1.0/stm32cubeide/plugins/com.st.stm32cube.ide.mcu.externaltools.gnu-tools-for-stm32.7-2018-q2-update.win32_1.0.0.201904181610/tools/bin/../lib/gcc/arm-none-eabi/7.3.1/thumb/v7e-m/crtbegin.o
 .ARM.attributes
                0x000000000000004c       0x33 Driver/Src/stm32f407xx_gpio_driver.o
 .ARM.attributes
                0x000000000000007f       0x33 Driver/Src/stm32f407xx_rcc_driver.o
 .ARM.attributes
                0x00000000000000b2       0x33 Driver/Src/stm32f407xx_uart_driver.o
 .ARM.attributes
                0x00000000000000e5       0x33 Src/main.o
 .ARM.attributes
                0x0000000000000118       0x21 Startup/startup_stm32f407vgtx.o
 .ARM.attributes
                0x0000000000000139       0x2e c:/st/stm32cubeide_1.1.0/stm32cubeide/plugins/com.st.stm32cube.ide.mcu.externaltools.gnu-tools-for-stm32.7-2018-q2-update.win32_1.0.0.201904181610/tools/bin/../lib/gcc/arm-none-eabi/7.3.1/../../../../arm-none-eabi/lib/thumb/v7e-m\libc_nano.a(lib_a-init.o)
 .ARM.attributes
                0x0000000000000167       0x2e c:/st/stm32cubeide_1.1.0/stm32cubeide/plugins/com.st.stm32cube.ide.mcu.externaltools.gnu-tools-for-stm32.7-2018-q2-update.win32_1.0.0.201904181610/tools/bin/../lib/gcc/arm-none-eabi/7.3.1/../../../../arm-none-eabi/lib/thumb/v7e-m\libc_nano.a(lib_a-memset.o)
 .ARM.attributes
                0x0000000000000195       0x17 c:/st/stm32cubeide_1.1.0/stm32cubeide/plugins/com.st.stm32cube.ide.mcu.externaltools.gnu-tools-for-stm32.7-2018-q2-update.win32_1.0.0.201904181610/tools/bin/../lib/gcc/arm-none-eabi/7.3.1/../../../../arm-none-eabi/lib/thumb/v7e-m\libc_nano.a(lib_a-strlen.o)
 .ARM.attributes
                0x00000000000001ac       0x1e c:/st/stm32cubeide_1.1.0/stm32cubeide/plugins/com.st.stm32cube.ide.mcu.externaltools.gnu-tools-for-stm32.7-2018-q2-update.win32_1.0.0.201904181610/tools/bin/../lib/gcc/arm-none-eabi/7.3.1/thumb/v7e-m/crtn.o
OUTPUT(stm32f407xx_UART_Driver_Test.elf elf32-littlearm)

.debug_info     0x0000000000000000     0x37c1
 .debug_info    0x0000000000000000      0xf12 Driver/Src/stm32f407xx_gpio_driver.o
 .debug_info    0x0000000000000f12      0xba0 Driver/Src/stm32f407xx_rcc_driver.o
 .debug_info    0x0000000000001ab2      0xfb8 Driver/Src/stm32f407xx_uart_driver.o
 .debug_info    0x0000000000002a6a      0xd35 Src/main.o
 .debug_info    0x000000000000379f       0x22 Startup/startup_stm32f407vgtx.o

.debug_abbrev   0x0000000000000000      0x8c5
 .debug_abbrev  0x0000000000000000      0x224 Driver/Src/stm32f407xx_gpio_driver.o
 .debug_abbrev  0x0000000000000224      0x1c4 Driver/Src/stm32f407xx_rcc_driver.o
 .debug_abbrev  0x00000000000003e8      0x26f Driver/Src/stm32f407xx_uart_driver.o
 .debug_abbrev  0x0000000000000657      0x25c Src/main.o
 .debug_abbrev  0x00000000000008b3       0x12 Startup/startup_stm32f407vgtx.o

.debug_aranges  0x0000000000000000      0x1a8
 .debug_aranges
                0x0000000000000000       0x70 Driver/Src/stm32f407xx_gpio_driver.o
 .debug_aranges
                0x0000000000000070       0x30 Driver/Src/stm32f407xx_rcc_driver.o
 .debug_aranges
                0x00000000000000a0       0x88 Driver/Src/stm32f407xx_uart_driver.o
 .debug_aranges
                0x0000000000000128       0x58 Src/main.o
 .debug_aranges
                0x0000000000000180       0x28 Startup/startup_stm32f407vgtx.o

.debug_ranges   0x0000000000000000      0x160
 .debug_ranges  0x0000000000000000       0x60 Driver/Src/stm32f407xx_gpio_driver.o
 .debug_ranges  0x0000000000000060       0x20 Driver/Src/stm32f407xx_rcc_driver.o
 .debug_ranges  0x0000000000000080       0x78 Driver/Src/stm32f407xx_uart_driver.o
 .debug_ranges  0x00000000000000f8       0x48 Src/main.o
 .debug_ranges  0x0000000000000140       0x20 Startup/startup_stm32f407vgtx.o

.debug_macro    0x0000000000000000     0x27b2
 .debug_macro   0x0000000000000000      0x16f Driver/Src/stm32f407xx_gpio_driver.o
 .debug_macro   0x000000000000016f      0xa66 Driver/Src/stm32f407xx_gpio_driver.o
 .debug_macro   0x0000000000000bd5       0x22 Driver/Src/stm32f407xx_gpio_driver.o
 .debug_macro   0x0000000000000bf7       0x8e Driver/Src/stm32f407xx_gpio_driver.o
 .debug_macro   0x0000000000000c85       0x51 Driver/Src/stm32f407xx_gpio_driver.o
 .debug_macro   0x0000000000000cd6       0xef Driver/Src/stm32f407xx_gpio_driver.o
 .debug_macro   0x0000000000000dc5       0x6a Driver/Src/stm32f407xx_gpio_driver.o
 .debug_macro   0x0000000000000e2f      0x1df Driver/Src/stm32f407xx_gpio_driver.o
 .debug_macro   0x000000000000100e      0x174 Driver/Src/stm32f407xx_gpio_driver.o
 .debug_macro   0x0000000000001182       0x46 Driver/Src/stm32f407xx_gpio_driver.o
 .debug_macro   0x00000000000011c8       0x18 Driver/Src/stm32f407xx_gpio_driver.o
 .debug_macro   0x00000000000011e0       0x3c Driver/Src/stm32f407xx_gpio_driver.o
 .debug_macro   0x000000000000121c       0x34 Driver/Src/stm32f407xx_gpio_driver.o
 .debug_macro   0x0000000000001250       0x52 Driver/Src/stm32f407xx_gpio_driver.o
 .debug_macro   0x00000000000012a2       0x1f Driver/Src/stm32f407xx_gpio_driver.o
 .debug_macro   0x00000000000012c1       0x43 Driver/Src/stm32f407xx_gpio_driver.o
 .debug_macro   0x0000000000001304       0x20 Driver/Src/stm32f407xx_gpio_driver.o
 .debug_macro   0x0000000000001324      0x1a3 Driver/Src/stm32f407xx_gpio_driver.o
 .debug_macro   0x00000000000014c7      0x330 Driver/Src/stm32f407xx_gpio_driver.o
 .debug_macro   0x00000000000017f7       0x10 Driver/Src/stm32f407xx_gpio_driver.o
 .debug_macro   0x0000000000001807       0x35 Driver/Src/stm32f407xx_gpio_driver.o
 .debug_macro   0x000000000000183c       0x20 Driver/Src/stm32f407xx_gpio_driver.o
 .debug_macro   0x000000000000185c      0x84f Driver/Src/stm32f407xx_gpio_driver.o
 .debug_macro   0x00000000000020ab      0x100 Driver/Src/stm32f407xx_gpio_driver.o
 .debug_macro   0x00000000000021ab       0xc4 Driver/Src/stm32f407xx_gpio_driver.o
 .debug_macro   0x000000000000226f      0x169 Driver/Src/stm32f407xx_rcc_driver.o
 .debug_macro   0x00000000000023d8      0x106 Driver/Src/stm32f407xx_rcc_driver.o
 .debug_macro   0x00000000000024de      0x16f Driver/Src/stm32f407xx_uart_driver.o
 .debug_macro   0x000000000000264d      0x165 Src/main.o

.debug_line     0x0000000000000000     0x1d89
 .debug_line    0x0000000000000000      0x7fb Driver/Src/stm32f407xx_gpio_driver.o
 .debug_line    0x00000000000007fb      0x610 Driver/Src/stm32f407xx_rcc_driver.o
 .debug_line    0x0000000000000e0b      0x884 Driver/Src/stm32f407xx_uart_driver.o
 .debug_line    0x000000000000168f      0x676 Src/main.o
 .debug_line    0x0000000000001d05       0x84 Startup/startup_stm32f407vgtx.o

.debug_str      0x0000000000000000     0xa119
 .debug_str     0x0000000000000000     0x9bd5 Driver/Src/stm32f407xx_gpio_driver.o
                                       0x9e40 (size before relaxing)
 .debug_str     0x0000000000009bd5       0xbb Driver/Src/stm32f407xx_rcc_driver.o
                                       0x9ca2 (size before relaxing)
 .debug_str     0x0000000000009c90      0x2ac Driver/Src/stm32f407xx_uart_driver.o
                                       0x9ee4 (size before relaxing)
 .debug_str     0x0000000000009f3c      0x1ac Src/main.o
                                       0x9e7b (size before relaxing)
 .debug_str     0x000000000000a0e8       0x31 Startup/startup_stm32f407vgtx.o
                                         0x94 (size before relaxing)

.comment        0x0000000000000000       0x7b
 .comment       0x0000000000000000       0x7b Driver/Src/stm32f407xx_gpio_driver.o
                                         0x7c (size before relaxing)
 .comment       0x000000000000007b       0x7c Driver/Src/stm32f407xx_rcc_driver.o
 .comment       0x000000000000007b       0x7c Driver/Src/stm32f407xx_uart_driver.o
 .comment       0x000000000000007b       0x7c Src/main.o

.debug_frame    0x0000000000000000      0x5e0
 .debug_frame   0x0000000000000000      0x1c8 Driver/Src/stm32f407xx_gpio_driver.o
 .debug_frame   0x00000000000001c8       0x80 Driver/Src/stm32f407xx_rcc_driver.o
 .debug_frame   0x0000000000000248      0x230 Driver/Src/stm32f407xx_uart_driver.o
 .debug_frame   0x0000000000000478      0x11c Src/main.o
 .debug_frame   0x0000000000000594       0x2c c:/st/stm32cubeide_1.1.0/stm32cubeide/plugins/com.st.stm32cube.ide.mcu.externaltools.gnu-tools-for-stm32.7-2018-q2-update.win32_1.0.0.201904181610/tools/bin/../lib/gcc/arm-none-eabi/7.3.1/../../../../arm-none-eabi/lib/thumb/v7e-m\libc_nano.a(lib_a-init.o)
 .debug_frame   0x00000000000005c0       0x20 c:/st/stm32cubeide_1.1.0/stm32cubeide/plugins/com.st.stm32cube.ide.mcu.externaltools.gnu-tools-for-stm32.7-2018-q2-update.win32_1.0.0.201904181610/tools/bin/../lib/gcc/arm-none-eabi/7.3.1/../../../../arm-none-eabi/lib/thumb/v7e-m\libc_nano.a(lib_a-memset.o)
